04:41:13 **** Auto Build of configuration Debug for project FP_Yeetus_Imp ****
make all 
'Building file: ../src/main_video_test.cpp'
'Invoking: MicroBlaze g++ compiler'
mb-g++ -Wall -O0 -g3 -c -fmessage-length=0 -MT"src/main_video_test.o" -I../../FP_Yeetus_BSP/microblaze_I/include -mno-xl-reorder -mlittle-endian -mcpu=v11.0 -mxl-soft-mul -Wl,--no-relax -ffunction-sections -fdata-sections -MMD -MP -MF"src/main_video_test.d" -MT"src/main_video_test.o" -o "src/main_video_test.o" "../src/main_video_test.cpp"
../src/main_video_test.cpp: In function 'int check(int)':
../src/main_video_test.cpp:292:1: warning: control reaches end of non-void function [-Wreturn-type]
 }
 ^
'Finished building: ../src/main_video_test.cpp'
' '
'Building target: FP_Yeetus_Imp.elf'
'Invoking: MicroBlaze g++ linker'
mb-g++ -Wl,-T -Wl,../src/lscript.ld -L../../FP_Yeetus_BSP/microblaze_I/lib -mlittle-endian -mcpu=v11.0 -mxl-soft-mul -Wl,--no-relax -Wl,--gc-sections -o "FP_Yeetus_Imp.elf"  ./src/adsr_core.o ./src/chu_init.o ./src/ctimer_core.o ./src/ddfs_core.o ./src/gpio_cores.o ./src/i2c_core.o ./src/main_video_test.o ./src/ps2_core.o ./src/spi_core.o ./src/sseg_core.o ./src/timer_core.o ./src/uart_core.o ./src/vga_core.o ./src/xadc_core.o   -Wl,--start-group,-lxil,-lgcc,-lc,-lstdc++,--end-group
'Finished building target: FP_Yeetus_Imp.elf'
' '
'Invoking: MicroBlaze Print Size'
mb-size FP_Yeetus_Imp.elf  |tee "FP_Yeetus_Imp.elf.size"
   text	   data	    bss	    dec	    hex	filename
  48408	   1336	   2360	  52104	   cb88	FP_Yeetus_Imp.elf
'Finished building: FP_Yeetus_Imp.elf.size'
' '

04:41:14 Build Finished (took 653ms)

